[20:35:52] [ServerMain/INFO]: [bootstrap] Running Java 21 (OpenJDK 64-Bit Server VM 21.0.8+9-Ubuntu-0ubuntu124.04.1; Ubuntu null) on Linux 6.8.0-1030-azure (amd64)
[20:35:52] [ServerMain/INFO]: [bootstrap] Loading Paper 1.21.8-6-main@782ce95 (2025-07-18T20:26:58Z) for Minecraft 1.21.8
[20:35:53] [ServerMain/INFO]: [PluginInitializerManager] Initializing plugins...
[20:35:53] [ServerMain/INFO]: [PluginInitializerManager] Initialized 6 plugins
[20:35:53] [ServerMain/INFO]: [PluginInitializerManager] Bukkit plugins (6):
 - CompassPlayerLocalizer_Alpha (0.1), Graves (4.9.7), SkinsRestorer (15.9.0), TabTPS (1.3.26), ViaBackwards (5.5.1), ViaVersion (5.5.1)
[20:35:59] [ServerMain/WARN]: You specified a resource pack without providing a sha1 hash. Pack will be updated on the client only if you change the name of the pack.
[20:35:59] [ServerMain/WARN]: resource-pack-id missing, using default of 9e4510f2-e3d5-3098-8a97-a2375a136df2
[20:35:59] [ServerMain/INFO]: Environment: Environment[sessionHost=https://sessionserver.mojang.com, servicesHost=https://api.minecraftservices.com, name=PROD]
[20:36:01] [ServerMain/INFO]: Loaded 1407 recipes
[20:36:01] [ServerMain/INFO]: Loaded 1520 advancements
[20:36:01] [ServerMain/INFO]: [ca.spottedleaf.dataconverter.minecraft.datatypes.MCTypeRegistry] Initialising converters for DataConverter...
[20:36:01] [ServerMain/INFO]: [ca.spottedleaf.dataconverter.minecraft.datatypes.MCTypeRegistry] Finished initialising converters for DataConverter in 400.8ms
[20:36:01] [Server thread/INFO]: Starting minecraft server version 1.21.8
[20:36:01] [Server thread/INFO]: Loading properties
[20:36:01] [Server thread/INFO]: This server is running Paper version 1.21.8-6-main@782ce95 (2025-07-18T20:26:58Z) (Implementing API version 1.21.8-R0.1-SNAPSHOT)
[20:36:01] [Server thread/INFO]: [spark] This server bundles the spark profiler. For more information please visit https://docs.papermc.io/paper/profiling
[20:36:01] [Server thread/INFO]: Server Ping Player Sample Count: 12
[20:36:01] [Server thread/INFO]: Using 4 threads for Netty based IO
[20:36:02] [Server thread/INFO]: [MoonriseCommon] Paper is using 1 worker threads, 1 I/O threads
[20:36:02] [Server thread/INFO]: [ChunkTaskScheduler] Chunk system is using population gen parallelism: true
[20:36:03] [Server thread/INFO]: Default game type: SURVIVAL
[20:36:03] [Server thread/INFO]: Generating keypair
[20:36:03] [Server thread/INFO]: Starting Minecraft server on *:25565
[20:36:04] [Server thread/INFO]: Using epoll channel type
[20:36:04] [Server thread/INFO]: Paper: Using libdeflate (Linux x86_64) compression from Velocity.
[20:36:04] [Server thread/INFO]: Paper: Using OpenSSL 3.x.x (Linux x86_64) cipher from Velocity.
[20:36:05] [Server thread/INFO]: [ViaVersion] Loading server plugin ViaVersion v5.5.1
[20:36:05] [Server thread/INFO]: [ViaVersion] ViaVersion 5.5.1 is now loaded. Registering protocol transformers and injecting...
[20:36:05] [Via-Mappingloader-0/INFO]: [ViaVersion] Loading block connection mappings ...
[20:36:05] [Via-Mappingloader-0/INFO]: [ViaVersion] Using FastUtil Long2ObjectOpenHashMap for block connections
[20:36:06] [Server thread/INFO]: [ViaBackwards] Loading translations...
[20:36:06] [Server thread/INFO]: [ViaBackwards] Registering protocols...
[20:36:06] [Server thread/INFO]: [ViaBackwards] Loading server plugin ViaBackwards v5.5.1
[20:36:06] [Server thread/INFO]: [TabTPS] Loading server plugin TabTPS v1.3.26
[20:36:06] [Server thread/INFO]: [Graves] Loading server plugin Graves v4.9.7
[20:36:07] [Server thread/INFO]: [CompassPlayerLocalizer_Alpha] Loading server plugin CompassPlayerLocalizer_Alpha v0.1
[20:36:07] [Server thread/INFO]: [SkinsRestorer] Loading server plugin SkinsRestorer v15.9.0
[20:36:07] [Server thread/INFO]: Server permissions file permissions.yml is empty, ignoring it
[20:36:07] [Server thread/INFO]: [SkinsRestorer] Enabling SkinsRestorer v15.9.0
[20:36:08] [Server thread/INFO]: [SkinsRestorer] Running on Minecraft 1.21.8.
[20:36:08] [Server thread/INFO]: [SkinsRestorer] Using paper join listener!
[20:36:08] [Server thread/WARN]: **** SERVER IS RUNNING IN OFFLINE/INSECURE MODE!
[20:36:08] [Server thread/WARN]: The server will make no attempt to authenticate usernames. Beware.
[20:36:08] [Server thread/WARN]: While this makes the game possible to play without internet access, it also opens up the ability for hackers to connect with any username they choose.
[20:36:08] [Server thread/WARN]: To change this, set "online-mode" to "true" in the server.properties file.
[20:36:08] [Server thread/INFO]: Preparing level "world"
[20:36:08] [Folia Async Scheduler Thread #1/INFO]: [SkinsRestorer] ----------------------------------------------
[20:36:08] [Folia Async Scheduler Thread #1/INFO]: [SkinsRestorer]     +==================+
[20:36:08] [Folia Async Scheduler Thread #1/INFO]: [SkinsRestorer]     |   SkinsRestorer  |
[20:36:08] [Folia Async Scheduler Thread #1/INFO]: [SkinsRestorer]     |------------------|
[20:36:08] [Folia Async Scheduler Thread #1/INFO]: [SkinsRestorer]     |  Standalone Mode |
[20:36:08] [Folia Async Scheduler Thread #1/INFO]: [SkinsRestorer]     +==================+
[20:36:08] [Folia Async Scheduler Thread #1/INFO]: [SkinsRestorer] ----------------------------------------------
[20:36:08] [Folia Async Scheduler Thread #1/INFO]: [SkinsRestorer]     Version: 15.9.0
[20:36:08] [Folia Async Scheduler Thread #1/INFO]: [SkinsRestorer]     Commit: 1565b8f
[20:36:08] [Folia Async Scheduler Thread #1/INFO]: [SkinsRestorer]     This is the latest version!
[20:36:08] [Folia Async Scheduler Thread #1/INFO]: [SkinsRestorer] ----------------------------------------------
[20:36:08] [Folia Async Scheduler Thread #1/INFO]: [SkinsRestorer] Do you have issues? Read our troubleshooting guide: https://skinsrestorer.net/docs/troubleshooting
[20:36:08] [Folia Async Scheduler Thread #1/INFO]: [SkinsRestorer] Want to support SkinsRestorer? Consider donating: https://skinsrestorer.net/donate
[20:36:09] [Server thread/INFO]: Preparing start region for dimension minecraft:overworld
[20:36:10] [Server thread/INFO]: Preparing spawn area: 0%
[20:36:10] [Server thread/INFO]: Preparing spawn area: 2%
[20:36:10] [Server thread/INFO]: Preparing spawn area: 32%
[20:36:10] [Server thread/INFO]: Time elapsed: 1130 ms
[20:36:10] [Server thread/INFO]: Preparing start region for dimension minecraft:the_nether
[20:36:10] [Server thread/INFO]: Preparing spawn area: 0%
[20:36:11] [Server thread/INFO]: Time elapsed: 293 ms
[20:36:11] [Server thread/INFO]: Preparing start region for dimension minecraft:the_end
[20:36:11] [Server thread/INFO]: Preparing spawn area: 0%
[20:36:11] [Server thread/INFO]: Time elapsed: 133 ms
[20:36:11] [Server thread/INFO]: [ViaVersion] Enabling ViaVersion v5.5.1
[20:36:11] [Server thread/INFO]: [ViaVersion] ViaVersion detected server version: 1.21.7-1.21.8 (772)
[20:36:11] [Server thread/INFO]: [ViaBackwards] Enabling ViaBackwards v5.5.1
[20:36:11] [Server thread/INFO]: [TabTPS] Enabling TabTPS v1.3.26
[20:36:12] [Server thread/INFO]: [Graves] Enabling Graves v4.9.7
[20:36:12] [Server thread/INFO]: [Graves] Integration: Hooked into MiniMessage.
[20:36:12] [Server thread/INFO]: [CompassPlayerLocalizer_Alpha] Enabling CompassPlayerLocalizer_Alpha v0.1
[20:36:12] [Server thread/INFO]: [CompassPlayerLocalizer_Alpha] Iniciando Plugin CompassPlayerLocalizer
[20:36:13] [Server thread/INFO]: [spark] Starting background profiler...
[20:36:13] [Server thread/INFO]: Done preparing level "world" (4.652s)
[20:36:13] [Server thread/INFO]: Running delayed init tasks
[20:36:13] [Craft Scheduler Thread - 2 - ViaVersion/INFO]: [ViaVersion] Finished mapping loading, shutting down loader executor.
[20:36:13] [Craft Scheduler Thread - 1 - TabTPS/INFO]: [TabTPS] There is an update available for TabTPS!
[20:36:13] [Craft Scheduler Thread - 1 - TabTPS/INFO]: [TabTPS] This server is running version v1.3.26, which is 3 versions outdated.
[20:36:13] [Craft Scheduler Thread - 1 - TabTPS/INFO]: [TabTPS] Download the latest version, v1.3.29 from GitHub at the link below:
[20:36:13] [Craft Scheduler Thread - 1 - TabTPS/INFO]: [TabTPS] https://github.com/jpenilla/TabTPS/releases/tag/v1.3.29
[20:36:13] [Server thread/INFO]: [Graves] Update: Outdated version detected 4.9.7, latest version is 4.9.9, https://www.spigotmc.org/resources/116202/
[20:36:13] [Server thread/INFO]: Done (21.944s)! For help, type "help"
[20:42:23] [User Authenticator #0/INFO]: UUID of player KedZoka is af334b6e-99af-345f-bdef-5e86f82e3ded
[20:42:23] [Server thread/INFO]: [HorriblePlayerLoginEventHack] You have plugins listening to the PlayerLoginEvent, this will cause re-configuration APIs to be unavailable: [TabTPS]
[20:42:30] [Server thread/INFO]: KedZoka joined the game
[20:42:30] [Server thread/INFO]: KedZoka[/127.98.69.108:48187] logged in with entity id 25 at ([world]-1181.469790070085, 69.0, -829.9722604698871)
[21:31:32] [Server thread/INFO]: [Not Secure] [Server] xdd
[22:56:40] [Server thread/INFO]: KedZoka lost connection: Disconnected
[22:56:40] [Server thread/INFO]: KedZoka left the game
[22:57:01] [Server thread/INFO]: Stopping the server
[22:57:01] [Server thread/INFO]: Stopping server
[22:57:01] [Server thread/INFO]: [SkinsRestorer] Disabling SkinsRestorer v15.9.0
[22:57:01] [Server thread/INFO]: [CompassPlayerLocalizer_Alpha] Disabling CompassPlayerLocalizer_Alpha v0.1
[22:57:01] [Server thread/INFO]: [CompassPlayerLocalizer_Alpha] Inhabilitando Plugin CompassPlayerLocalizer
[22:57:01] [Server thread/INFO]: [Graves] Disabling Graves v4.9.7
[22:57:01] [Server thread/INFO]: [TabTPS] Disabling TabTPS v1.3.26
[22:57:01] [Server thread/INFO]: [ViaBackwards] Disabling ViaBackwards v5.5.1
[22:57:01] [Server thread/INFO]: [ViaVersion] Disabling ViaVersion v5.5.1
[22:57:01] [Server thread/INFO]: [ViaVersion] ViaVersion has been disabled; uninjected the platform and shut down the scheduler.
[22:57:01] [Server thread/INFO]: Saving players
[22:57:01] [Server thread/INFO]: Saving worlds
[22:57:01] [Server thread/INFO]: Saving chunks for level 'ServerLevel[world]'/minecraft:overworld
[22:57:01] [Server thread/INFO]: [ChunkHolderManager] Waiting 60s for chunk system to halt for world 'world'
[22:57:01] [Server thread/INFO]: [ChunkHolderManager] Halted chunk system for world 'world'
[22:57:01] [Server thread/INFO]: [ChunkHolderManager] Saving all chunkholders for world 'world'
[22:57:01] [Server thread/INFO]: [ChunkHolderManager] Saved 0 block chunks, 5 entity chunks, 0 poi chunks in world 'world' in 0.04s
[22:57:01] [Server thread/INFO]: [ChunkHolderManager] Waiting 60s for chunk I/O to halt for world 'world'
[22:57:01] [Server thread/INFO]: [ChunkHolderManager] Halted I/O scheduler for world 'world'
[22:57:01] [Server thread/INFO]: Saving chunks for level 'ServerLevel[world_nether]'/minecraft:the_nether
[22:57:01] [Server thread/INFO]: [ChunkHolderManager] Waiting 60s for chunk system to halt for world 'world_nether'
[22:57:01] [Server thread/INFO]: [ChunkHolderManager] Halted chunk system for world 'world_nether'
[22:57:01] [Server thread/INFO]: [ChunkHolderManager] Saving all chunkholders for world 'world_nether'
[22:57:01] [Server thread/INFO]: [ChunkHolderManager] Saved 0 block chunks, 3 entity chunks, 0 poi chunks in world 'world_nether' in 0.01s
[22:57:01] [Server thread/INFO]: [ChunkHolderManager] Waiting 60s for chunk I/O to halt for world 'world_nether'
[22:57:01] [Server thread/INFO]: [ChunkHolderManager] Halted I/O scheduler for world 'world_nether'
[22:57:01] [Server thread/INFO]: Saving chunks for level 'ServerLevel[world_the_end]'/minecraft:the_end
[22:57:01] [Server thread/INFO]: [ChunkHolderManager] Waiting 60s for chunk system to halt for world 'world_the_end'
[22:57:01] [Server thread/INFO]: [ChunkHolderManager] Halted chunk system for world 'world_the_end'
[22:57:01] [Server thread/INFO]: [ChunkHolderManager] Saving all chunkholders for world 'world_the_end'
[22:57:01] [Server thread/INFO]: [ChunkHolderManager] Saved 0 block chunks, 10 entity chunks, 0 poi chunks in world 'world_the_end' in 0.00s
[22:57:01] [Server thread/INFO]: [ChunkHolderManager] Waiting 60s for chunk I/O to halt for world 'world_the_end'
[22:57:01] [Server thread/INFO]: [ChunkHolderManager] Halted I/O scheduler for world 'world_the_end'
[22:57:01] [Server thread/INFO]: ThreadedAnvilChunkStorage (world): All chunks are saved
[22:57:01] [Server thread/INFO]: ThreadedAnvilChunkStorage (DIM-1): All chunks are saved
[22:57:01] [Server thread/INFO]: ThreadedAnvilChunkStorage (DIM1): All chunks are saved
[22:57:01] [Server thread/INFO]: ThreadedAnvilChunkStorage: All dimensions are saved
[22:57:01] [Server thread/INFO]: Waiting for all RegionFile I/O tasks to complete...
[22:57:01] [Server thread/INFO]: All RegionFile I/O tasks to complete
[22:57:01] [Server thread/INFO]: [MoonriseCommon] Awaiting termination of worker pool for up to 60s...
[22:57:01] [Server thread/INFO]: [MoonriseCommon] Awaiting termination of I/O pool for up to 60s...
